// Jest Snapshot v1, https://goo.gl/fbAQLP

exports[`EventButtonList lists button to display from enrollment acl 1`] = `
Array [
  "notify",
  "update",
  "submit",
  "refuse",
  "archive",
]
`;
